[mobirise.com/bootstrap-4-theme/real-estate-template/index.html]
[backblue.gif]
[fade.gif]
[index.html]
[mobirise.com/bootstrap-4-theme/real-estate-template/assets/images/logo2-1.png]
[mobirise.com/bootstrap-4-theme/real-estate-template/rental.html]
[mobirise.com/bootstrap-4-theme/real-estate-template/assets/images/norbert-levajsics-202945-2000x1333.jpg]
[mobirise.com/bootstrap-4-theme/real-estate-template/assets/images/ian-dooley-331064-2000x1333.jpg]
[mobirise.com/bootstrap-4-theme/real-estate-template/assets/images/hannah-busing-310234-2000x1333.jpg]
[mobirise.com/bootstrap-4-theme/real-estate-template/assets/images/colin-maynard-138246-2500x1667.jpg]
[mobirise.com/bootstrap-4-theme/real-estate-template/assets/images/breather-196135-4928x3280.jpg]
[mobirise.com/bootstrap-4-theme/real-estate-template/assets/images/liana-mikah-343238-6720x4480.jpg]
[mobirise.com/bootstrap-4-theme/real-estate-template/assets/images/joel-filipe-166058-2000x2831.jpg]
[mobirise.com/bootstrap-4-theme/real-estate-template/assets/images/logo2.png]
[mobirise.com/mobirise-free-win.zip]
[mobirise.com/mobirise-free-mac.zip]
[mobirise.com/bootstrap-4-theme/real-estate-template/index.html]
[mobirise.com/bootstrap-4-theme/real-estate-template/assets/images/breather-196135-2800x1863.jpg]
[mobirise.com/bootstrap-4-theme/real-estate-template/rental.html]
[mobirise.com/bootstrap-4-theme/real-estate-template/assets/images/breather-7169-2000x1335.jpg]
[mobirise.com/bootstrap-4-theme/real-estate-template/assets/images/norbert-levajsics-202945-2000x1333.jpg]
[mobirise.com/bootstrap-4-theme/real-estate-template/assets/web/assets/mobirise-icons/mobirise-icons0e1c.eot]
[mobirise.com/bootstrap-4-theme/real-estate-template/assets/web/assets/mobirise-icons/mobirise-icons0e1c.ttf]
[mobirise.com/bootstrap-4-theme/real-estate-template/assets/images/ian-dooley-331064-2000x1333.jpg]
[mobirise.com/bootstrap-4-theme/real-estate-template/assets/web/assets/mobirise-icons/mobirise-icons0e1c.woff]
[mobirise.com/bootstrap-4-theme/real-estate-template/assets/images/hannah-busing-310234-2000x1333.jpg]
[mobirise.com/bootstrap-4-theme/real-estate-template/assets/images/colin-maynard-138246-2500x1667.jpg]
[mobirise.com/bootstrap-4-theme/real-estate-template/assets/images/breather-196135-4928x3280.jpg]
[mobirise.com/bootstrap-4-theme/real-estate-template/assets/web/assets/mobirise-icons/mobirise-icons.css]
[mobirise.com/bootstrap-4-theme/real-estate-template/assets/tether/tether.min.css]
[mobirise.com/bootstrap-4-theme/real-estate-template/assets/images/joel-filipe-166058-2000x2831.jpg]
[mobirise.com/bootstrap-4-theme/real-estate-template/assets/soundcloud-plugin/style.css]
[mobirise.com/bootstrap-4-theme/real-estate-template/assets/images/logo2.png]
[mobirise.com/bootstrap-4-theme/real-estate-template/assets/bootstrap/css/bootstrap.min.css]
[mobirise.com/bootstrap-4-theme/real-estate-template/assets/images/breather-196135-2800x1863.jpg]
[mobirise.com/bootstrap-4-theme/real-estate-template/assets/bootstrap/css/bootstrap-grid.min.css]
[mobirise.com/bootstrap-4-theme/real-estate-template/assets/images/breather-7169-2000x1335.jpg]
[mobirise.com/bootstrap-4-theme/real-estate-template/assets/bootstrap/css/bootstrap-reboot.min.css]
[mobirise.com/bootstrap-4-theme/real-estate-template/assets/web/assets/mobirise-icons/mobirise-icons0e1c.eot]
[mobirise.com/bootstrap-4-theme/real-estate-template/assets/dropdown/css/style.css]
[mobirise.com/bootstrap-4-theme/real-estate-template/assets/images/liana-mikah-343238-6720x4480.jpg]
[mobirise.com/bootstrap-4-theme/real-estate-template/assets/web/assets/mobirise-icons/mobirise-icons0e1c.ttf]
[mobirise.com/bootstrap-4-theme/real-estate-template/assets/socicon/fonts/socicon.eot]
[mobirise.com/bootstrap-4-theme/real-estate-template/assets/web/assets/mobirise-icons/mobirise-icons0e1c.woff]
[mobirise.com/bootstrap-4-theme/real-estate-template/assets/socicon/fonts/socicond41d.eot]
[mobirise.com/bootstrap-4-theme/real-estate-template/assets/socicon/fonts/socicon.woff]
[mobirise.com/bootstrap-4-theme/real-estate-template/assets/socicon/fonts/socicon.ttf]
[mobirise.com/bootstrap-4-theme/real-estate-template/assets/socicon/fonts/socicond41d.eot]
[mobirise.com/bootstrap-4-theme/real-estate-template/assets/socicon/fonts/socicon.woff]
[mobirise.com/bootstrap-4-theme/real-estate-template/assets/socicon/css/styles.css]
[mobirise.com/bootstrap-4-theme/real-estate-template/assets/theme/css/style.css]
[mobirise.com/bootstrap-4-theme/real-estate-template/assets/socicon/fonts/socicon.ttf]
[mobirise.com/bootstrap-4-theme/real-estate-template/assets/mobirise/css/mbr-additional.css]
[www.googletagmanager.com/gtm5445.html]
[mobirise.com/bootstrap-4-theme/real-estate-template/assets/images/liana-mikah-343238-2000x1333.jpg]
[mobirise.com/bootstrap-4-theme/real-estate-template/assets/web/assets/jquery/jquery.min.js]
[mobirise.com/bootstrap-4-theme/real-estate-template/assets/popper/popper.min.js]
[mobirise.com/bootstrap-4-theme/real-estate-template/You must include the utils.js file before tether.30.delayed]
[mobirise.com/bootstrap-4-theme/real-estate-template/assets/tether/tether.min.js]
[mobirise.com/bootstrap-4-theme/real-estate-template/assets/bootstrap/js/bootstrap.min.js]
[mobirise.com/bootstrap-4-theme/real-estate-template/assets/smoothscroll/smooth-scroll.js]
[mobirise.com/bootstrap-4-theme/real-estate-template/assets/parallax/jarallax.min.js]
[mobirise.com/bootstrap-4-theme/real-estate-template/assets/dropdown/js/script.min.js]
[mobirise.com/bootstrap-4-theme/real-estate-template/assets/touchswipe/jquery.touch-swipe.min.js]
[mobirise.com/bootstrap-4-theme/real-estate-template/sddefault.jpg]
[mobirise.com/bootstrap-4-theme/real-estate-template/hqdefault.32.delayed]
[mobirise.com/bootstrap-4-theme/real-estate-template/images/no-video.jpg]
[mobirise.com/bootstrap-4-theme/real-estate-template/GET.34.delayed]
[mobirise.com/bootstrap-4-theme/real-estate-template/images/video-placeholder.jpg]
[mobirise.com/bootstrap-4-theme/real-estate-template/assets/theme/js/script.js]
[mobirise.com/bootstrap-4-theme/real-estate-template/assets/formoid/formoid.min.js]
[mobirise.com/bootstrap-4-theme/real-estate-template/assets/web/assets/mobirise-icons/mobirise-icons0e1c.svg]
[mobirise.com/bootstrap-4-theme/real-estate-template/assets/socicon/fonts/socicon.svg]
[mobirise.com/bootstrap-4-theme/real-estate-template/You must include the utils.js file before tether.html]
[mobirise.com/bootstrap-4-theme/real-estate-template/sddefault.html]
[mobirise.com/bootstrap-4-theme/real-estate-template/hqdefault.html]
[mobirise.com/bootstrap-4-theme/real-estate-template/images/no-video.html]
[mobirise.com/bootstrap-4-theme/real-estate-template/GET.html]
[mobirise.com/bootstrap-4-theme/real-estate-template/images/video-placeholder.html]
